Last login: Mon May 15 15:15:53 on ttys000
Danielles-MacBook-Pro:~ daniellealbertoni$ cd Desktop
Danielles-MacBook-Pro:Desktop daniellealbertoni$ cd 338_02_Albertoni_FinalProject
Danielles-MacBook-Pro:338_02_Albertoni_FinalProject daniellealbertoni$ git init
Reinitialized existing Git repository in /Users/daniellealbertoni/Desktop/338_02_Albertoni_FinalProject/.git/
Danielles-MacBook-Pro:338_02_Albertoni_FinalProject daniellealbertoni$ git status
On branch master

Initial commit

Changes to be committed:
  (use "git rm --cached <file>..." to unstage)

	new file:   .DS_Store
	new file:   README.md
	new file:   backpack.html
	new file:   css/destinations-styles.css
	new file:   css/styles.css
	new file:   destinations.html
	new file:   images/Mt-Fugi-Home.jpg
	new file:   index.html
	new file:   itinerary.html

Changes not staged for commit:
  (use "git add/rm <file>..." to update what will be committed)
  (use "git checkout -- <file>..." to discard changes in working directory)

	modified:   .DS_Store
	modified:   backpack.html
	deleted:    css/destinations-styles.css
	modified:   css/styles.css
	modified:   destinations.html
	modified:   index.html
	modified:   itinerary.html

Untracked files:
  (use "git add <file>..." to include in what will be committed)

	images/.DS_Store

Danielles-MacBook-Pro:338_02_Albertoni_FinalProject daniellealbertoni$ git add -A
Danielles-MacBook-Pro:338_02_Albertoni_FinalProject daniellealbertoni$ git status
On branch master

Initial commit

Changes to be committed:
  (use "git rm --cached <file>..." to unstage)

	new file:   .DS_Store
	new file:   README.md
	new file:   backpack.html
	new file:   css/styles.css
	new file:   destinations.html
	new file:   images/.DS_Store
	new file:   images/Mt-Fugi-Home.jpg
	new file:   index.html
	new file:   itinerary.html

Danielles-MacBook-Pro:338_02_Albertoni_FinalProject daniellealbertoni$ git commit -m "added sidebar in destinations"
[master (root-commit) 29780db] added sidebar in destinations
 Committer: Danielle Albertoni <daniellealbertoni@Danielles-MacBook-Pro.local>
Your name and email address were configured automatically based
on your username and hostname. Please check that they are accurate.
You can suppress this message by setting them explicitly. Run the
following command and follow the instructions in your editor to edit
your configuration file:

    git config --global --edit

After doing this, you may fix the identity used for this commit with:

    git commit --amend --reset-author

 9 files changed, 200 insertions(+)
 create mode 100755 .DS_Store
 create mode 100755 README.md
 create mode 100755 backpack.html
 create mode 100755 css/styles.css
 create mode 100755 destinations.html
 create mode 100644 images/.DS_Store
 create mode 100755 images/Mt-Fugi-Home.jpg
 create mode 100755 index.html
 create mode 100755 itinerary.html
Danielles-MacBook-Pro:338_02_Albertoni_FinalProject daniellealbertoni$ git config --global --edit
Danielles-MacBook-Pro:338_02_Albertoni_FinalProject daniellealbertoni$ git commit -m "added sidebar in destination"
On branch master
nothing to commit, working tree clean
Danielles-MacBook-Pro:338_02_Albertoni_FinalProject daniellealbertoni$ 
Danielles-MacBook-Pro:338_02_Albertoni_FinalProject daniellealbertoni$ git status
On branch master
nothing to commit, working tree clean
Danielles-MacBook-Pro:338_02_Albertoni_FinalProject daniellealbertoni$ git push
fatal: The current branch master has no upstream branch.
To push the current branch and set the remote as upstream, use

    git push --set-upstream origin master

Danielles-MacBook-Pro:338_02_Albertoni_FinalProject daniellealbertoni$ git push --set-upstream origin master
Username for 'https://github.com': dalbertoni
Password for 'https://dalbertoni@github.com': 
To https://github.com/dalbertoni/338_02_Albertoni_FinalProject.git
 ! [rejected]        master -> master (fetch first)
error: failed to push some refs to 'https://github.com/dalbertoni/338_02_Albertoni_FinalProject.git'
hint: Updates were rejected because the remote contains work that you do
hint: not have locally. This is usually caused by another repository pushing
hint: to the same ref. You may want to first integrate the remote changes
hint: (e.g., 'git pull ...') before pushing again.
hint: See the 'Note about fast-forwards' in 'git push --help' for details.
Danielles-MacBook-Pro:338_02_Albertoni_FinalProject daniellealbertoni$ git push
fatal: The current branch master has no upstream branch.
To push the current branch and set the remote as upstream, use

    git push --set-upstream origin master

Danielles-MacBook-Pro:338_02_Albertoni_FinalProject daniellealbertoni$ git push --set-upstream origin master
To https://github.com/dalbertoni/338_02_Albertoni_FinalProject.git
 ! [rejected]        master -> master (fetch first)
error: failed to push some refs to 'https://github.com/dalbertoni/338_02_Albertoni_FinalProject.git'
hint: Updates were rejected because the remote contains work that you do
hint: not have locally. This is usually caused by another repository pushing
hint: to the same ref. You may want to first integrate the remote changes
hint: (e.g., 'git pull ...') before pushing again.
hint: See the 'Note about fast-forwards' in 'git push --help' for details.
Danielles-MacBook-Pro:338_02_Albertoni_FinalProject daniellealbertoni$ git pull ...
fatal: '...' does not appear to be a git repository
fatal: Could not read from remote repository.

Please make sure you have the correct access rights
and the repository exists.
Danielles-MacBook-Pro:338_02_Albertoni_FinalProject daniellealbertoni$ git push
fatal: The current branch master has no upstream branch.
To push the current branch and set the remote as upstream, use

    git push --set-upstream origin master

Danielles-MacBook-Pro:338_02_Albertoni_FinalProject daniellealbertoni$ git push --set-upstream origin master

To https://github.com/dalbertoni/338_02_Albertoni_FinalProject.git
 ! [rejected]        master -> master (fetch first)
error: failed to push some refs to 'https://github.com/dalbertoni/338_02_Albertoni_FinalProject.git'
hint: Updates were rejected because the remote contains work that you do
hint: not have locally. This is usually caused by another repository pushing
hint: to the same ref. You may want to first integrate the remote changes
hint: (e.g., 'git pull ...') before pushing again.
hint: See the 'Note about fast-forwards' in 'git push --help' for details.
Danielles-MacBook-Pro:338_02_Albertoni_FinalProject daniellealbertoni$ 
Danielles-MacBook-Pro:338_02_Albertoni_FinalProject daniellealbertoni$ https://github.com/dalbertoni/338_02_Albertoni_FinalProject.git
-bash: https://github.com/dalbertoni/338_02_Albertoni_FinalProject.git: is a directory
Danielles-MacBook-Pro:338_02_Albertoni_FinalProject daniellealbertoni$ git init https://github.com/dalbertoni/338_02_Albertoni_FinalProject.git
Reinitialized existing Git repository in /Users/daniellealbertoni/Desktop/338_02_Albertoni_FinalProject/https:/github.com/dalbertoni/338_02_Albertoni_FinalProject.git/.git/
Danielles-MacBook-Pro:338_02_Albertoni_FinalProject daniellealbertoni$ git remote add origin https://github.com/dalbertoni/338_02_Albertoni_FinalProject.git
fatal: remote origin already exists.
Danielles-MacBook-Pro:338_02_Albertoni_FinalProject daniellealbertoni$ git push -u origin master
To https://github.com/dalbertoni/338_02_Albertoni_FinalProject.git
 ! [rejected]        master -> master (fetch first)
error: failed to push some refs to 'https://github.com/dalbertoni/338_02_Albertoni_FinalProject.git'
hint: Updates were rejected because the remote contains work that you do
hint: not have locally. This is usually caused by another repository pushing
hint: to the same ref. You may want to first integrate the remote changes
hint: (e.g., 'git pull ...') before pushing again.
hint: See the 'Note about fast-forwards' in 'git push --help' for details.
Danielles-MacBook-Pro:338_02_Albertoni_FinalProject daniellealbertoni$ git push
fatal: The current branch master has no upstream branch.
To push the current branch and set the remote as upstream, use

    git push --set-upstream origin master

Danielles-MacBook-Pro:338_02_Albertoni_FinalProject daniellealbertoni$  git push --set-upstream origin master
To https://github.com/dalbertoni/338_02_Albertoni_FinalProject.git
 ! [rejected]        master -> master (fetch first)
error: failed to push some refs to 'https://github.com/dalbertoni/338_02_Albertoni_FinalProject.git'
hint: Updates were rejected because the remote contains work that you do
hint: not have locally. This is usually caused by another repository pushing
hint: to the same ref. You may want to first integrate the remote changes
hint: (e.g., 'git pull ...') before pushing again.
hint: See the 'Note about fast-forwards' in 'git push --help' for details.
Danielles-MacBook-Pro:338_02_Albertoni_FinalProject daniellealbertoni$ git push
fatal: The current branch master has no upstream branch.
To push the current branch and set the remote as upstream, use

    git push --set-upstream origin master

Danielles-MacBook-Pro:338_02_Albertoni_FinalProject daniellealbertoni$ git push --set-upstream origin master
To https://github.com/dalbertoni/338_02_Albertoni_FinalProject.git
 ! [rejected]        master -> master (fetch first)
error: failed to push some refs to 'https://github.com/dalbertoni/338_02_Albertoni_FinalProject.git'
hint: Updates were rejected because the remote contains work that you do
hint: not have locally. This is usually caused by another repository pushing
hint: to the same ref. You may want to first integrate the remote changes
hint: (e.g., 'git pull ...') before pushing again.
hint: See the 'Note about fast-forwards' in 'git push --help' for details.
Danielles-MacBook-Pro:338_02_Albertoni_FinalProject daniellealbertoni$ git pull ...
fatal: '...' does not appear to be a git repository
fatal: Could not read from remote repository.

Please make sure you have the correct access rights
and the repository exists.
Danielles-MacBook-Pro:338_02_Albertoni_FinalProject daniellealbertoni$ git pull
warning: no common commits
remote: Counting objects: 25, done.
remote: Compressing objects: 100% (14/14), done.
remote: Total 25 (delta 4), reused 25 (delta 4), pack-reused 0
Unpacking objects: 100% (25/25), done.
From https://github.com/dalbertoni/338_02_Albertoni_FinalProject
 * [new branch]      master     -> origin/master
There is no tracking information for the current branch.
Please specify which branch you want to merge with.
See git-pull(1) for details.

    git pull <remote> <branch>

If you wish to set tracking information for this branch you can do so with:

    git branch --set-upstream-to=origin/<branch> master

Danielles-MacBook-Pro:338_02_Albertoni_FinalProject daniellealbertoni$ git branch --set-upstream-to=origin/<branch> master
-bash: branch: No such file or directory
Danielles-MacBook-Pro:338_02_Albertoni_FinalProject daniellealbertoni$ git pull <remote> <branch>
-bash: syntax error near unexpected token `<'
Danielles-MacBook-Pro:338_02_Albertoni_FinalProject daniellealbertoni$ git push --set-upstream origin master
To https://github.com/dalbertoni/338_02_Albertoni_FinalProject.git
 ! [rejected]        master -> master (non-fast-forward)
error: failed to push some refs to 'https://github.com/dalbertoni/338_02_Albertoni_FinalProject.git'
hint: Updates were rejected because the tip of your current branch is behind
hint: its remote counterpart. Integrate the remote changes (e.g.
hint: 'git pull ...') before pushing again.
hint: See the 'Note about fast-forwards' in 'git push --help' for details.
Danielles-MacBook-Pro:338_02_Albertoni_FinalProject daniellealbertoni$ git status
On branch master
Changes not staged for commit:
  (use "git add <file>..." to update what will be committed)
  (use "git checkout -- <file>..." to discard changes in working directory)

	modified:   .DS_Store
	modified:   css/styles.css

no changes added to commit (use "git add" and/or "git commit -a")
Danielles-MacBook-Pro:338_02_Albertoni_FinalProject daniellealbertoni$ git add-A
git: 'add-A' is not a git command. See 'git --help'.
Danielles-MacBook-Pro:338_02_Albertoni_FinalProject daniellealbertoni$ git add -A
Danielles-MacBook-Pro:338_02_Albertoni_FinalProject daniellealbertoni$ git status
On branch master
Changes to be committed:
  (use "git reset HEAD <file>..." to unstage)

	modified:   .DS_Store
	modified:   css/styles.css

Danielles-MacBook-Pro:338_02_Albertoni_FinalProject daniellealbertoni$ git remote add origin https://github.com/dalbertoni/338_02_Albertoni_FinalProject.git
fatal: remote origin already exists.
Danielles-MacBook-Pro:338_02_Albertoni_FinalProject daniellealbertoni$ git push -u origin master
To https://github.com/dalbertoni/338_02_Albertoni_FinalProject.git
 ! [rejected]        master -> master (non-fast-forward)
error: failed to push some refs to 'https://github.com/dalbertoni/338_02_Albertoni_FinalProject.git'
hint: Updates were rejected because the tip of your current branch is behind
hint: its remote counterpart. Integrate the remote changes (e.g.
hint: 'git pull ...') before pushing again.
hint: See the 'Note about fast-forwards' in 'git push --help' for details.
Danielles-MacBook-Pro:338_02_Albertoni_FinalProject daniellealbertoni$ git pull
There is no tracking information for the current branch.
Please specify which branch you want to merge with.
See git-pull(1) for details.

    git pull <remote> <branch>

If you wish to set tracking information for this branch you can do so with:

    git branch --set-upstream-to=origin/<branch> master

Danielles-MacBook-Pro:338_02_Albertoni_FinalProject daniellealbertoni$ git pull https://github.com/dalbertoni/338_02_Albertoni_FinalProject.git
From https://github.com/dalbertoni/338_02_Albertoni_FinalProject
 * branch            HEAD       -> FETCH_HEAD
fatal: refusing to merge unrelated histories
Danielles-MacBook-Pro:338_02_Albertoni_FinalProject daniellealbertoni$ git status
On branch master
Changes to be committed:
  (use "git reset HEAD <file>..." to unstage)

	modified:   .DS_Store
	modified:   css/styles.css

Danielles-MacBook-Pro:338_02_Albertoni_FinalProject daniellealbertoni$ git merge
fatal: No remote for the current branch.
Danielles-MacBook-Pro:338_02_Albertoni_FinalProject daniellealbertoni$ git clone https://github.com/dalbertoni/338_02_Albertoni_FinalProject.git
Cloning into '338_02_Albertoni_FinalProject'...
fatal: I don't handle protocol '/Users/daniellealbertoni/Desktop/338_02_Albertoni_FinalProject/https'
Danielles-MacBook-Pro:338_02_Albertoni_FinalProject daniellealbertoni$ git clone https://github.com/dalbertoni/338_02_Albertoni_FinalProject.git
Cloning into '338_02_Albertoni_FinalProject'...
fatal: I don't handle protocol '/Users/daniellealbertoni/Desktop/338_02_Albertoni_FinalProject_02/https'
Danielles-MacBook-Pro:338_02_Albertoni_FinalProject daniellealbertoni$ git clone https://github.com/dalbertoni/338_02_Albertoni_FinalProject.git
Cloning into '338_02_Albertoni_FinalProject'...
fatal: I don't handle protocol '/Users/daniellealbertoni/Desktop/338_02_Albertoni_FinalProject_02/https'
Danielles-MacBook-Pro:338_02_Albertoni_FinalProject daniellealbertoni$ cd Desktop
-bash: cd: Desktop: No such file or directory
Danielles-MacBook-Pro:338_02_Albertoni_FinalProject daniellealbertoni$ cd ..
Danielles-MacBook-Pro:Desktop daniellealbertoni$ git clone https://github.com/dalbertoni/338_02_Albertoni_FinalProject.git
Cloning into '338_02_Albertoni_FinalProject'...
remote: Counting objects: 25, done.
remote: Compressing objects: 100% (14/14), done.
remote: Total 25 (delta 4), reused 25 (delta 4), pack-reused 0
Unpacking objects: 100% (25/25), done.
Danielles-MacBook-Pro:Desktop daniellealbertoni$ cd 338_02_Albertoni_FinalProject
Danielles-MacBook-Pro:338_02_Albertoni_FinalProject daniellealbertoni$ git remote add orgin https://github.com/dalbertoni/338_02_Albertoni_FinalProject.git
Danielles-MacBook-Pro:338_02_Albertoni_FinalProject daniellealbertoni$ git push -u origin master
Branch master set up to track remote branch master from origin.
Everything up-to-date
Danielles-MacBook-Pro:338_02_Albertoni_FinalProject daniellealbertoni$ git dd-A
git: 'dd-A' is not a git command. See 'git --help'.
Danielles-MacBook-Pro:338_02_Albertoni_FinalProject daniellealbertoni$ git add -A
Danielles-MacBook-Pro:338_02_Albertoni_FinalProject daniellealbertoni$ git status
On branch master
Your branch is up-to-date with 'origin/master'.
Changes to be committed:
  (use "git reset HEAD <file>..." to unstage)

	modified:   .DS_Store
	modified:   README.md
	modified:   backpack.html
	new file:   css/.DS_Store
	modified:   css/styles.css
	modified:   destinations.html
	modified:   index.html
	modified:   itinerary.html

Danielles-MacBook-Pro:338_02_Albertoni_FinalProject daniellealbertoni$ git commit

[1]+  Stopped                 git commit
Danielles-MacBook-Pro:338_02_Albertoni_FinalProject daniellealbertoni$ git commit -m "update files"
[master 8076bbc] update files
 Committer: Danielle Albertoni <daniellealbertoni@pcp139659pcs.wireless.calpoly.edu>
Your name and email address were configured automatically based
on your username and hostname. Please check that they are accurate.
You can suppress this message by setting them explicitly:

    git config --global user.name "Your Name"
    git config --global user.email you@example.com

After doing this, you may fix the identity used for this commit with:

    git commit --amend --reset-author

 8 files changed, 134 insertions(+), 105 deletions(-)
 mode change 100644 => 100755 README.md
 mode change 100644 => 100755 backpack.html
 create mode 100644 css/.DS_Store
 mode change 100644 => 100755 css/styles.css
 rewrite destinations.html (73%)
 mode change 100644 => 100755
 mode change 100644 => 100755 index.html
 mode change 100644 => 100755 itinerary.html
Danielles-MacBook-Pro:338_02_Albertoni_FinalProject daniellealbertoni$ git config --global user.name "Danielle Albertoni"
Danielles-MacBook-Pro:338_02_Albertoni_FinalProject daniellealbertoni$ git config --global user.email "albertoni.danielle@gmail.com"
Danielles-MacBook-Pro:338_02_Albertoni_FinalProject daniellealbertoni$ git commit --amend --reset-author

[2]+  Stopped                 git commit --amend --reset-author
Danielles-MacBook-Pro:338_02_Albertoni_FinalProject daniellealbertoni$ git commit -m "update files"
On branch master
Your branch is ahead of 'origin/master' by 1 commit.
  (use "git push" to publish your local commits)
nothing to commit, working tree clean
Danielles-MacBook-Pro:338_02_Albertoni_FinalProject daniellealbertoni$ git status
On branch master
Your branch is ahead of 'origin/master' by 1 commit.
  (use "git push" to publish your local commits)
nothing to commit, working tree clean
Danielles-MacBook-Pro:338_02_Albertoni_FinalProject daniellealbertoni$ git push
Counting objects: 9, done.
Delta compression using up to 4 threads.
Compressing objects: 100% (9/9), done.
Writing objects: 100% (9/9), 2.35 KiB | 0 bytes/s, done.
Total 9 (delta 4), reused 0 (delta 0)
remote: Resolving deltas: 100% (4/4), completed with 3 local objects.
To https://github.com/dalbertoni/338_02_Albertoni_FinalProject.git
   ba459c6..8076bbc  master -> master
Danielles-MacBook-Pro:338_02_Albertoni_FinalProject daniellealbertoni$ git add -A
Danielles-MacBook-Pro:338_02_Albertoni_FinalProject daniellealbertoni$ git commit -m "calendar format"
[master 9af5deb] calendar format
 3 files changed, 114 insertions(+)
Danielles-MacBook-Pro:338_02_Albertoni_FinalProject daniellealbertoni$ git status
On branch master
Your branch is ahead of 'origin/master' by 1 commit.
  (use "git push" to publish your local commits)
nothing to commit, working tree clean
Danielles-MacBook-Pro:338_02_Albertoni_FinalProject daniellealbertoni$ git commit -m "applied width and height to td"
On branch master
Your branch is ahead of 'origin/master' by 1 commit.
  (use "git push" to publish your local commits)
Changes not staged for commit:
	modified:   css/styles.css

no changes added to commit
Danielles-MacBook-Pro:338_02_Albertoni_FinalProject daniellealbertoni$ git add -A
Danielles-MacBook-Pro:338_02_Albertoni_FinalProject daniellealbertoni$ git status
On branch master
Your branch is ahead of 'origin/master' by 1 commit.
  (use "git push" to publish your local commits)
Changes to be committed:
  (use "git reset HEAD <file>..." to unstage)

	modified:   css/styles.css

Danielles-MacBook-Pro:338_02_Albertoni_FinalProject daniellealbertoni$ git push
Counting objects: 6, done.
Delta compression using up to 4 threads.
Compressing objects: 100% (6/6), done.
Writing objects: 100% (6/6), 1.33 KiB | 0 bytes/s, done.
Total 6 (delta 4), reused 0 (delta 0)
remote: Resolving deltas: 100% (4/4), completed with 4 local objects.
To https://github.com/dalbertoni/338_02_Albertoni_FinalProject.git
   8076bbc..9af5deb  master -> master
Danielles-MacBook-Pro:338_02_Albertoni_FinalProject daniellealbertoni$ git log >progress_report_5.22.17_Albertoni
Danielles-MacBook-Pro:338_02_Albertoni_FinalProject daniellealbertoni$ git push
Everything up-to-date
Danielles-MacBook-Pro:338_02_Albertoni_FinalProject daniellealbertoni$ 
